
> peanut-butter-next@0.1.0 build
> next build

   Γû▓ Next.js 15.5.7

   Creating an optimized production build ...
 Γ£ô Compiled successfully in 3.1s
   Linting and checking validity of types ...
node.exe : 
At line:1 char:1
+ & "C:\nvm4w\nodejs/node.exe" "C:
\nvm4w\nodejs/node_modules/npm/bin
/np ...
+ ~~~~~~~~~~~~~~~~~~~~~~~~~~~~~~~~
~~~~~~~~~~~~~~~~~~~~~~~~~~~~~~~~~~
~~~
    + CategoryInfo          : Not 
   Specified: (:String) [], Remo  
  teException
    + FullyQualifiedErrorId : Nat 
   iveCommandError
 
Failed to compile.

./src/app/blog/[id]/page.tsx
15:3  Warning: 'Quote' is defined 
but never used.  
@typescript-eslint/no-unused-vars

./src/app/peanut-butter-import-lux
embourg/PeanutButterImportLuxembou
rg.tsx
37:42  Error: `'` can be escaped 
with `&apos;`, `&lsquo;`, 
`&#39;`, `&rsquo;`.  
react/no-unescaped-entities

./src/app/peanut-butter-import-mal
ta/PeanutButterImportMalta.tsx
37:54  Error: `'` can be escaped 
with `&apos;`, `&lsquo;`, 
`&#39;`, `&rsquo;`.  
react/no-unescaped-entities

./src/app/peanut-butter-import-swe
den/PeanutButterImportSweden.tsx
40:50  Error: `'` can be escaped 
with `&apos;`, `&lsquo;`, 
`&#39;`, `&rsquo;`.  
react/no-unescaped-entities

./src/app/peanut-butter-import-vat
ican-city/PeanutButterImportVatica
nCity.tsx
37:41  Error: `'` can be escaped 
with `&apos;`, `&lsquo;`, 
`&#39;`, `&rsquo;`.  
react/no-unescaped-entities

info  - Need to disable some 
ESLint rules? Learn more here: htt
ps://nextjs.org/docs/app/api-refer
ence/config/eslint#disabling-rules
